Archive member included to satisfy reference by file (symbol)

/opt/st/stm32cubeide_1.4.0/plugins/com.st.stm32cube.ide.mcu.externaltools.gnu-tools-for-stm32.7-2018-q2-update.linux64_1.4.0.202007081208/tools/bin/../lib/gcc/arm-none-eabi/7.3.1/../../../../arm-none-eabi/lib/thumb/v7-m/libc_nano.a(lib_a-errno.o)
                              Core/Src/syscalls.o (__errno)
/opt/st/stm32cubeide_1.4.0/plugins/com.st.stm32cube.ide.mcu.externaltools.gnu-tools-for-stm32.7-2018-q2-update.linux64_1.4.0.202007081208/tools/bin/../lib/gcc/arm-none-eabi/7.3.1/../../../../arm-none-eabi/lib/thumb/v7-m/libc_nano.a(lib_a-exit.o)
                              /opt/st/stm32cubeide_1.4.0/plugins/com.st.stm32cube.ide.mcu.externaltools.gnu-tools-for-stm32.7-2018-q2-update.linux64_1.4.0.202007081208/tools/bin/../lib/gcc/arm-none-eabi/7.3.1/../../../../arm-none-eabi/lib/thumb/v7-m/crt0.o (exit)
/opt/st/stm32cubeide_1.4.0/plugins/com.st.stm32cube.ide.mcu.externaltools.gnu-tools-for-stm32.7-2018-q2-update.linux64_1.4.0.202007081208/tools/bin/../lib/gcc/arm-none-eabi/7.3.1/../../../../arm-none-eabi/lib/thumb/v7-m/libc_nano.a(lib_a-impure.o)
                              /opt/st/stm32cubeide_1.4.0/plugins/com.st.stm32cube.ide.mcu.externaltools.gnu-tools-for-stm32.7-2018-q2-update.linux64_1.4.0.202007081208/tools/bin/../lib/gcc/arm-none-eabi/7.3.1/../../../../arm-none-eabi/lib/thumb/v7-m/libc_nano.a(lib_a-exit.o) (_global_impure_ptr)
/opt/st/stm32cubeide_1.4.0/plugins/com.st.stm32cube.ide.mcu.externaltools.gnu-tools-for-stm32.7-2018-q2-update.linux64_1.4.0.202007081208/tools/bin/../lib/gcc/arm-none-eabi/7.3.1/../../../../arm-none-eabi/lib/thumb/v7-m/libc_nano.a(lib_a-init.o)
                              /opt/st/stm32cubeide_1.4.0/plugins/com.st.stm32cube.ide.mcu.externaltools.gnu-tools-for-stm32.7-2018-q2-update.linux64_1.4.0.202007081208/tools/bin/../lib/gcc/arm-none-eabi/7.3.1/../../../../arm-none-eabi/lib/thumb/v7-m/crt0.o (__libc_init_array)
/opt/st/stm32cubeide_1.4.0/plugins/com.st.stm32cube.ide.mcu.externaltools.gnu-tools-for-stm32.7-2018-q2-update.linux64_1.4.0.202007081208/tools/bin/../lib/gcc/arm-none-eabi/7.3.1/../../../../arm-none-eabi/lib/thumb/v7-m/libc_nano.a(lib_a-memset.o)
                              /opt/st/stm32cubeide_1.4.0/plugins/com.st.stm32cube.ide.mcu.externaltools.gnu-tools-for-stm32.7-2018-q2-update.linux64_1.4.0.202007081208/tools/bin/../lib/gcc/arm-none-eabi/7.3.1/../../../../arm-none-eabi/lib/thumb/v7-m/crt0.o (memset)

Allocating common symbols
Common symbol       size              file

uwTick              0x4               Drivers/STM32F1xx_HAL_Driver/Src/stm32f1xx_hal.o
pFlash              0x20              Drivers/STM32F1xx_HAL_Driver/Src/stm32f1xx_hal_flash.o
huart2              0x40              Core/Src/main.o

Discarded input sections

 .text          0x0000000000000000        0x0 /opt/st/stm32cubeide_1.4.0/plugins/com.st.stm32cube.ide.mcu.externaltools.gnu-tools-for-stm32.7-2018-q2-update.linux64_1.4.0.202007081208/tools/bin/../lib/gcc/arm-none-eabi/7.3.1/thumb/v7-m/crti.o
 .data          0x0000000000000000        0x0 /opt/st/stm32cubeide_1.4.0/plugins/com.st.stm32cube.ide.mcu.externaltools.gnu-tools-for-stm32.7-2018-q2-update.linux64_1.4.0.202007081208/tools/bin/../lib/gcc/arm-none-eabi/7.3.1/thumb/v7-m/crti.o
 .bss           0x0000000000000000        0x0 /opt/st/stm32cubeide_1.4.0/plugins/com.st.stm32cube.ide.mcu.externaltools.gnu-tools-for-stm32.7-2018-q2-update.linux64_1.4.0.202007081208/tools/bin/../lib/gcc/arm-none-eabi/7.3.1/thumb/v7-m/crti.o
 .data          0x0000000000000000        0x4 /opt/st/stm32cubeide_1.4.0/plugins/com.st.stm32cube.ide.mcu.externaltools.gnu-tools-for-stm32.7-2018-q2-update.linux64_1.4.0.202007081208/tools/bin/../lib/gcc/arm-none-eabi/7.3.1/thumb/v7-m/crtbegin.o
 .text          0x0000000000000000       0x74 /opt/st/stm32cubeide_1.4.0/plugins/com.st.stm32cube.ide.mcu.externaltools.gnu-tools-for-stm32.7-2018-q2-update.linux64_1.4.0.202007081208/tools/bin/../lib/gcc/arm-none-eabi/7.3.1/../../../../arm-none-eabi/lib/thumb/v7-m/crt0.o
 .data          0x0000000000000000        0x0 /opt/st/stm32cubeide_1.4.0/plugins/com.st.stm32cube.ide.mcu.externaltools.gnu-tools-for-stm32.7-2018-q2-update.linux64_1.4.0.202007081208/tools/bin/../lib/gcc/arm-none-eabi/7.3.1/../../../../arm-none-eabi/lib/thumb/v7-m/crt0.o
 .bss           0x0000000000000000        0x0 /opt/st/stm32cubeide_1.4.0/plugins/com.st.stm32cube.ide.mcu.externaltools.gnu-tools-for-stm32.7-2018-q2-update.linux64_1.4.0.202007081208/tools/bin/../lib/gcc/arm-none-eabi/7.3.1/../../../../arm-none-eabi/lib/thumb/v7-m/crt0.o
 .ARM.extab     0x0000000000000000        0x0 /opt/st/stm32cubeide_1.4.0/plugins/com.st.stm32cube.ide.mcu.externaltools.gnu-tools-for-stm32.7-2018-q2-update.linux64_1.4.0.202007081208/tools/bin/../lib/gcc/arm-none-eabi/7.3.1/../../../../arm-none-eabi/lib/thumb/v7-m/crt0.o
[...]
Memory Configuration

Name             Origin             Length             Attributes
RAM              0x0000000020000000 0x0000000000005000 xrw
FLASH            0x0000000008000000 0x0000000000020000 xr
*default*        0x0000000000000000 0xffffffffffffffff

Linker script and memory map

LOAD /opt/st/stm32cubeide_1.4.0/plugins/com.st.stm32cube.ide.mcu.externaltools.gnu-tools-for-stm32.7-2018-q2-update.linux64_1.4.0.202007081208/tools/bin/../lib/gcc/arm-none-eabi/7.3.1/thumb/v7-m/crti.o
LOAD /opt/st/stm32cubeide_1.4.0/plugins/com.st.stm32cube.ide.mcu.externaltools.gnu-tools-for-stm32.7-2018-q2-update.linux64_1.4.0.202007081208/tools/bin/../lib/gcc/arm-none-eabi/7.3.1/thumb/v7-m/crtbegin.o
LOAD /opt/st/stm32cubeide_1.4.0/plugins/com.st.stm32cube.ide.mcu.externaltools.gnu-tools-for-stm32.7-2018-q2-update.linux64_1.4.0.202007081208/tools/bin/../lib/gcc/arm-none-eabi/7.3.1/../../../../arm-none-eabi/lib/thumb/v7-m/crt0.o
LOAD Core/Src/main.o
LOAD Core/Src/stm32f1xx_hal_msp.o
LOAD Core/Src/stm32f1xx_it.o
LOAD Core/Src/syscalls.o
LOAD Core/Src/sysmem.o
LOAD Core/Src/system_stm32f1xx.o
LOAD Core/Startup/startup_stm32f103rbtx.o
LOAD Drivers/STM32F1xx_HAL_Driver/Src/stm32f1xx_hal.o
LOAD Drivers/STM32F1xx_HAL_Driver/Src/stm32f1xx_hal_cortex.o
LOAD Drivers/STM32F1xx_HAL_Driver/Src/stm32f1xx_hal_dma.o
LOAD Drivers/STM32F1xx_HAL_Driver/Src/stm32f1xx_hal_exti.o
LOAD Drivers/STM32F1xx_HAL_Driver/Src/stm32f1xx_hal_flash.o
LOAD Drivers/STM32F1xx_HAL_Driver/Src/stm32f1xx_hal_flash_ex.o
LOAD Drivers/STM32F1xx_HAL_Driver/Src/stm32f1xx_hal_gpio.o
LOAD Drivers/STM32F1xx_HAL_Driver/Src/stm32f1xx_hal_gpio_ex.o
LOAD Drivers/STM32F1xx_HAL_Driver/Src/stm32f1xx_hal_pwr.o
LOAD Drivers/STM32F1xx_HAL_Driver/Src/stm32f1xx_hal_rcc.o
LOAD Drivers/STM32F1xx_HAL_Driver/Src/stm32f1xx_hal_rcc_ex.o
LOAD Drivers/STM32F1xx_HAL_Driver/Src/stm32f1xx_hal_tim.o
LOAD Drivers/STM32F1xx_HAL_Driver/Src/stm32f1xx_hal_tim_ex.o
LOAD Drivers/STM32F1xx_HAL_Driver/Src/stm32f1xx_hal_uart.o
START GROUP
LOAD /opt/st/stm32cubeide_1.4.0/plugins/com.st.stm32cube.ide.mcu.externaltools.gnu-tools-for-stm32.7-2018-q2-update.linux64_1.4.0.202007081208/tools/bin/../lib/gcc/arm-none-eabi/7.3.1/../../../../arm-none-eabi/lib/thumb/v7-m/libc_nano.a
LOAD /opt/st/stm32cubeide_1.4.0/plugins/com.st.stm32cube.ide.mcu.externaltools.gnu-tools-for-stm32.7-2018-q2-update.linux64_1.4.0.202007081208/tools/bin/../lib/gcc/arm-none-eabi/7.3.1/../../../../arm-none-eabi/lib/thumb/v7-m/libm.a
END GROUP
START GROUP
LOAD /opt/st/stm32cubeide_1.4.0/plugins/com.st.stm32cube.ide.mcu.externaltools.gnu-tools-for-stm32.7-2018-q2-update.linux64_1.4.0.202007081208/tools/bin/../lib/gcc/arm-none-eabi/7.3.1/thumb/v7-m/libgcc.a
LOAD /opt/st/stm32cubeide_1.4.0/plugins/com.st.stm32cube.ide.mcu.externaltools.gnu-tools-for-stm32.7-2018-q2-update.linux64_1.4.0.202007081208/tools/bin/../lib/gcc/arm-none-eabi/7.3.1/../../../../arm-none-eabi/lib/thumb/v7-m/libc_nano.a
END GROUP
START GROUP
LOAD /opt/st/stm32cubeide_1.4.0/plugins/com.st.stm32cube.ide.mcu.externaltools.gnu-tools-for-stm32.7-2018-q2-update.linux64_1.4.0.202007081208/tools/bin/../lib/gcc/arm-none-eabi/7.3.1/thumb/v7-m/libgcc.a
LOAD /opt/st/stm32cubeide_1.4.0/plugins/com.st.stm32cube.ide.mcu.externaltools.gnu-tools-for-stm32.7-2018-q2-update.linux64_1.4.0.202007081208/tools/bin/../lib/gcc/arm-none-eabi/7.3.1/../../../../arm-none-eabi/lib/thumb/v7-m/libc_nano.a
LOAD /opt/st/stm32cubeide_1.4.0/plugins/com.st.stm32cube.ide.mcu.externaltools.gnu-tools-for-stm32.7-2018-q2-update.linux64_1.4.0.202007081208/tools/bin/../lib/gcc/arm-none-eabi/7.3.1/../../../../arm-none-eabi/lib/thumb/v7-m/libnosys.a
END GROUP
START GROUP
LOAD /opt/st/stm32cubeide_1.4.0/plugins/com.st.stm32cube.ide.mcu.externaltools.gnu-tools-for-stm32.7-2018-q2-update.linux64_1.4.0.202007081208/tools/bin/../lib/gcc/arm-none-eabi/7.3.1/thumb/v7-m/libgcc.a
LOAD /opt/st/stm32cubeide_1.4.0/plugins/com.st.stm32cube.ide.mcu.externaltools.gnu-tools-for-stm32.7-2018-q2-update.linux64_1.4.0.202007081208/tools/bin/../lib/gcc/arm-none-eabi/7.3.1/../../../../arm-none-eabi/lib/thumb/v7-m/libc_nano.a
LOAD /opt/st/stm32cubeide_1.4.0/plugins/com.st.stm32cube.ide.mcu.externaltools.gnu-tools-for-stm32.7-2018-q2-update.linux64_1.4.0.202007081208/tools/bin/../lib/gcc/arm-none-eabi/7.3.1/../../../../arm-none-eabi/lib/thumb/v7-m/libnosys.a
END GROUP
LOAD /opt/st/stm32cubeide_1.4.0/plugins/com.st.stm32cube.ide.mcu.externaltools.gnu-tools-for-stm32.7-2018-q2-update.linux64_1.4.0.202007081208/tools/bin/../lib/gcc/arm-none-eabi/7.3.1/thumb/v7-m/crtend.o
LOAD /opt/st/stm32cubeide_1.4.0/plugins/com.st.stm32cube.ide.mcu.externaltools.gnu-tools-for-stm32.7-2018-q2-update.linux64_1.4.0.202007081208/tools/bin/../lib/gcc/arm-none-eabi/7.3.1/thumb/v7-m/crtn.o
                0x0000000020005000                _estack = (ORIGIN (RAM) + LENGTH (RAM))
                0x0000000000000200                _Min_Heap_Size = 0x200
                0x0000000000000400                _Min_Stack_Size = 0x400

.isr_vector     0x0000000008000000      0x10c
                0x0000000008000000                . = ALIGN (0x4)
 *(.isr_vector)
 .isr_vector    0x0000000008000000      0x10c Core/Startup/startup_stm32f103rbtx.o
                0x0000000008000000                g_pfnVectors
                0x000000000800010c                . = ALIGN (0x4)

.text           0x000000000800010c     0x15a0
                0x000000000800010c                . = ALIGN (0x4)
 *(.text)
 .text          0x000000000800010c       0x40 /opt/st/stm32cubeide_1.4.0/plugins/com.st.stm32cube.ide.mcu.externaltools.gnu-tools-for-stm32.7-2018-q2-update.linux64_1.4.0.202007081208/tools/bin/../lib/gcc/arm-none-eabi/7.3.1/thumb/v7-m/crtbegin.o
 *(.text*)
 .text.main     0x000000000800014c       0x98 Core/Src/main.o
                0x000000000800014c                main
 .text.SystemClock_Config
                0x00000000080001e4       0x82 Core/Src/main.o
                0x00000000080001e4                SystemClock_Config
 *fill*         0x0000000008000266        0x2 
 .text.MX_USART2_UART_Init
                0x0000000008000268       0x54 Core/Src/main.o
 .text.MX_GPIO_Init
                0x00000000080002bc       0xfc Core/Src/main.o
 .text.Error_Handler
                0x00000000080003b8        0xc Core/Src/main.o
                0x00000000080003b8                Error_Handler
 .text.HAL_MspInit
                0x00000000080003c4       0x64 Core/Src/stm32f1xx_hal_msp.o
                0x00000000080003c4                HAL_MspInit
 .text.HAL_UART_MspInit
                0x0000000008000428       0x7c Core/Src/stm32f1xx_hal_msp.o
                0x0000000008000428                HAL_UART_MspInit
 .text.NMI_Handler
                0x00000000080004a4        0xc Core/Src/stm32f1xx_it.o
                0x00000000080004a4                NMI_Handler
 .text.HardFault_Handler
                0x00000000080004b0        0x6 Core/Src/stm32f1xx_it.o
                0x00000000080004b0                HardFault_Handler
 .text.MemManage_Handler
                0x00000000080004b6        0x6 Core/Src/stm32f1xx_it.o
                0x00000000080004b6                MemManage_Handler
 .text.BusFault_Handler
                0x00000000080004bc        0x6 Core/Src/stm32f1xx_it.o
                0x00000000080004bc                BusFault_Handler
 .text.UsageFault_Handler
                0x00000000080004c2        0x6 Core/Src/stm32f1xx_it.o
                0x00000000080004c2                UsageFault_Handler
 .text.SVC_Handler
                0x00000000080004c8        0xc Core/Src/stm32f1xx_it.o
                0x00000000080004c8                SVC_Handler
 .text.DebugMon_Handler
                0x00000000080004d4        0xc Core/Src/stm32f1xx_it.o
                0x00000000080004d4                DebugMon_Handler
 .text.PendSV_Handler
                0x00000000080004e0        0xc Core/Src/stm32f1xx_it.o
                0x00000000080004e0                PendSV_Handler
 .text.SysTick_Handler
                0x00000000080004ec        0xc Core/Src/stm32f1xx_it.o
                0x00000000080004ec                SysTick_Handler
 .text.EXTI15_10_IRQHandler
                0x00000000080004f8       0x50 Core/Src/stm32f1xx_it.o
                0x00000000080004f8                EXTI15_10_IRQHandler
 .text.SystemInit
                0x0000000008000548        0xc Core/Src/system_stm32f1xx.o
                0x0000000008000548                SystemInit
 .text.Reset_Handler
                0x0000000008000554       0x48 Core/Startup/startup_stm32f103rbtx.o
                0x0000000008000554                Reset_Handler
 .text.Default_Handler
                0x000000000800059c        0x2 Core/Startup/startup_stm32f103rbtx.o
                0x000000000800059c                RTC_Alarm_IRQHandler
                0x000000000800059c                EXTI2_IRQHandler
                0x000000000800059c                TIM1_CC_IRQHandler
                0x000000000800059c                PVD_IRQHandler
                0x000000000800059c                EXTI3_IRQHandler
                0x000000000800059c                EXTI0_IRQHandler
                0x000000000800059c                I2C2_EV_IRQHandler
                0x000000000800059c                ADC1_2_IRQHandler
                0x000000000800059c                SPI1_IRQHandler
                0x000000000800059c                TAMPER_IRQHandler
                0x000000000800059c                DMA1_Channel4_IRQHandler
                0x000000000800059c                USART3_IRQHandler
                0x000000000800059c                RTC_IRQHandler
                0x000000000800059c                DMA1_Channel7_IRQHandler
                0x000000000800059c                CAN1_RX1_IRQHandler
                0x000000000800059c                TIM4_IRQHandler
                0x000000000800059c                I2C1_EV_IRQHandler
                0x000000000800059c                DMA1_Channel6_IRQHandler
                0x000000000800059c                TIM3_IRQHandler
                0x000000000800059c                RCC_IRQHandler
                0x000000000800059c                TIM1_TRG_COM_IRQHandler
                0x000000000800059c                DMA1_Channel1_IRQHandler
                0x000000000800059c                Default_Handler
                0x000000000800059c                EXTI9_5_IRQHandler
                0x000000000800059c                SPI2_IRQHandler
                0x000000000800059c                DMA1_Channel5_IRQHandler
                0x000000000800059c                EXTI4_IRQHandler
                0x000000000800059c                USB_LP_CAN1_RX0_IRQHandler
                0x000000000800059c                USB_HP_CAN1_TX_IRQHandler
                0x000000000800059c                DMA1_Channel3_IRQHandler
                0x000000000800059c                TIM1_UP_IRQHandler
                0x000000000800059c                WWDG_IRQHandler
                0x000000000800059c                TIM2_IRQHandler
                0x000000000800059c                TIM1_BRK_IRQHandler
                0x000000000800059c                EXTI1_IRQHandler
                0x000000000800059c                USART2_IRQHandler
                0x000000000800059c                I2C2_ER_IRQHandler
                0x000000000800059c                DMA1_Channel2_IRQHandler
                0x000000000800059c                CAN1_SCE_IRQHandler
                0x000000000800059c                FLASH_IRQHandler
                0x000000000800059c                USART1_IRQHandler
                0x000000000800059c                I2C1_ER_IRQHandler
                0x000000000800059c                USBWakeUp_IRQHandler
 *fill*         0x000000000800059e        0x2 
 .text.HAL_Init
                0x00000000080005a0       0x2c Drivers/STM32F1xx_HAL_Driver/Src/stm32f1xx_hal.o
                0x00000000080005a0                HAL_Init
 .text.HAL_InitTick
                0x00000000080005cc       0x60 Drivers/STM32F1xx_HAL_Driver/Src/stm32f1xx_hal.o
                0x00000000080005cc                HAL_InitTick
 .text.HAL_IncTick
                0x000000000800062c       0x24 Drivers/STM32F1xx_HAL_Driver/Src/stm32f1xx_hal.o
                0x000000000800062c                HAL_IncTick
 .text.HAL_GetTick
                0x0000000008000650       0x14 Drivers/STM32F1xx_HAL_Driver/Src/stm32f1xx_hal.o
                0x0000000008000650                HAL_GetTick
 .text.HAL_Delay
                0x0000000008000664       0x44 Drivers/STM32F1xx_HAL_Driver/Src/stm32f1xx_hal.o
                0x0000000008000664                HAL_Delay
 .text.__NVIC_SetPriorityGrouping
                0x00000000080006a8       0x48 Drivers/STM32F1xx_HAL_Driver/Src/stm32f1xx_hal_cortex.o
 .text.__NVIC_GetPriorityGrouping
                0x00000000080006f0       0x1c Drivers/STM32F1xx_HAL_Driver/Src/stm32f1xx_hal_cortex.o
 .text.__NVIC_EnableIRQ
                0x000000000800070c       0x38 Drivers/STM32F1xx_HAL_Driver/Src/stm32f1xx_hal_cortex.o
 .text.__NVIC_SetPriority
                0x0000000008000744       0x54 Drivers/STM32F1xx_HAL_Driver/Src/stm32f1xx_hal_cortex.o
 .text.NVIC_EncodePriority
                0x0000000008000798       0x64 Drivers/STM32F1xx_HAL_Driver/Src/stm32f1xx_hal_cortex.o
 .text.SysTick_Config
                0x00000000080007fc       0x44 Drivers/STM32F1xx_HAL_Driver/Src/stm32f1xx_hal_cortex.o
 .text.HAL_NVIC_SetPriorityGrouping
                0x0000000008000840       0x16 Drivers/STM32F1xx_HAL_Driver/Src/stm32f1xx_hal_cortex.o
                0x0000000008000840                HAL_NVIC_SetPriorityGrouping
 .text.HAL_NVIC_SetPriority
                0x0000000008000856       0x38 Drivers/STM32F1xx_HAL_Driver/Src/stm32f1xx_hal_cortex.o
                0x0000000008000856                HAL_NVIC_SetPriority
 .text.HAL_NVIC_EnableIRQ
                0x000000000800088e       0x1c Drivers/STM32F1xx_HAL_Driver/Src/stm32f1xx_hal_cortex.o
                0x000000000800088e                HAL_NVIC_EnableIRQ
 .text.HAL_SYSTICK_Config
                0x00000000080008aa       0x18 Drivers/STM32F1xx_HAL_Driver/Src/stm32f1xx_hal_cortex.o
                0x00000000080008aa                HAL_SYSTICK_Config
 *fill*         0x00000000080008c2        0x2 
 .text.HAL_GPIO_Init
                0x00000000080008c4      0x2b4 Drivers/STM32F1xx_HAL_Driver/Src/stm32f1xx_hal_gpio.o
                0x00000000080008c4                HAL_GPIO_Init
 .text.HAL_GPIO_ReadPin
                0x0000000008000b78       0x2e Drivers/STM32F1xx_HAL_Driver/Src/stm32f1xx_hal_gpio.o
                0x0000000008000b78                HAL_GPIO_ReadPin
 .text.HAL_GPIO_WritePin
                0x0000000008000ba6       0x30 Drivers/STM32F1xx_HAL_Driver/Src/stm32f1xx_hal_gpio.o
                0x0000000008000ba6                HAL_GPIO_WritePin
 .text.HAL_GPIO_TogglePin
                0x0000000008000bd6       0x32 Drivers/STM32F1xx_HAL_Driver/Src/stm32f1xx_hal_gpio.o
                0x0000000008000bd6                HAL_GPIO_TogglePin
 .text.HAL_GPIO_EXTI_IRQHandler
                0x0000000008000c08       0x30 Drivers/STM32F1xx_HAL_Driver/Src/stm32f1xx_hal_gpio.o
                0x0000000008000c08                HAL_GPIO_EXTI_IRQHandler
 .text.HAL_GPIO_EXTI_Callback
                0x0000000008000c38       0x14 Drivers/STM32F1xx_HAL_Driver/Src/stm32f1xx_hal_gpio.o
                0x0000000008000c38                HAL_GPIO_EXTI_Callback
 .text.HAL_RCC_OscConfig
                0x0000000008000c4c      0x500 Drivers/STM32F1xx_HAL_Driver/Src/stm32f1xx_hal_rcc.o
                0x0000000008000c4c                HAL_RCC_OscConfig
 .text.HAL_RCC_ClockConfig
                0x000000000800114c      0x1d4 Drivers/STM32F1xx_HAL_Driver/Src/stm32f1xx_hal_rcc.o
                0x000000000800114c                HAL_RCC_ClockConfig
 .text.HAL_RCC_GetSysClockFreq
                0x0000000008001320       0xc4 Drivers/STM32F1xx_HAL_Driver/Src/stm32f1xx_hal_rcc.o
                0x0000000008001320                HAL_RCC_GetSysClockFreq
 .text.HAL_RCC_GetHCLKFreq
                0x00000000080013e4       0x14 Drivers/STM32F1xx_HAL_Driver/Src/stm32f1xx_hal_rcc.o
                0x00000000080013e4                HAL_RCC_GetHCLKFreq
 .text.HAL_RCC_GetPCLK1Freq
                0x00000000080013f8       0x28 Drivers/STM32F1xx_HAL_Driver/Src/stm32f1xx_hal_rcc.o
                0x00000000080013f8                HAL_RCC_GetPCLK1Freq
 .text.HAL_RCC_GetPCLK2Freq
                0x0000000008001420       0x28 Drivers/STM32F1xx_HAL_Driver/Src/stm32f1xx_hal_rcc.o
                0x0000000008001420                HAL_RCC_GetPCLK2Freq
 .text.RCC_Delay
                0x0000000008001448       0x3c Drivers/STM32F1xx_HAL_Driver/Src/stm32f1xx_hal_rcc.o
 .text.HAL_UART_Init
                0x0000000008001484       0x9a Drivers/STM32F1xx_HAL_Driver/Src/stm32f1xx_hal_uart.o
                0x0000000008001484                HAL_UART_Init
 *fill*         0x000000000800151e        0x2 
 .text.UART_SetConfig
                0x0000000008001520      0x11c Drivers/STM32F1xx_HAL_Driver/Src/stm32f1xx_hal_uart.o
 .text.__libc_init_array
                0x000000000800163c       0x48 /opt/st/stm32cubeide_1.4.0/plugins/com.st.stm32cube.ide.mcu.externaltools.gnu-tools-for-stm32.7-2018-q2-update.linux64_1.4.0.202007081208/tools/bin/../lib/gcc/arm-none-eabi/7.3.1/../../../../arm-none-eabi/lib/thumb/v7-m/libc_nano.a(lib_a-init.o)
                0x000000000800163c                __libc_init_array
 .text.memset   0x0000000008001684       0x10 /opt/st/stm32cubeide_1.4.0/plugins/com.st.stm32cube.ide.mcu.externaltools.gnu-tools-for-stm32.7-2018-q2-update.linux64_1.4.0.202007081208/tools/bin/../lib/gcc/arm-none-eabi/7.3.1/../../../../arm-none-eabi/lib/thumb/v7-m/libc_nano.a(lib_a-memset.o)
                0x0000000008001684                memset
 *(.glue_7)
 .glue_7        0x0000000008001694        0x0 linker stubs
 *(.glue_7t)
 .glue_7t       0x0000000008001694        0x0 linker stubs
 *(.eh_frame)
 .eh_frame      0x0000000008001694        0x0 /opt/st/stm32cubeide_1.4.0/plugins/com.st.stm32cube.ide.mcu.externaltools.gnu-tools-for-stm32.7-2018-q2-update.linux64_1.4.0.202007081208/tools/bin/../lib/gcc/arm-none-eabi/7.3.1/thumb/v7-m/crtbegin.o
 *(.init)
 .init          0x0000000008001694        0x4 /opt/st/stm32cubeide_1.4.0/plugins/com.st.stm32cube.ide.mcu.externaltools.gnu-tools-for-stm32.7-2018-q2-update.linux64_1.4.0.202007081208/tools/bin/../lib/gcc/arm-none-eabi/7.3.1/thumb/v7-m/crti.o
                0x0000000008001694                _init
 .init          0x0000000008001698        0x8 /opt/st/stm32cubeide_1.4.0/plugins/com.st.stm32cube.ide.mcu.externaltools.gnu-tools-for-stm32.7-2018-q2-update.linux64_1.4.0.202007081208/tools/bin/../lib/gcc/arm-none-eabi/7.3.1/thumb/v7-m/crtn.o
 *(.fini)
 .fini          0x00000000080016a0        0x4 /opt/st/stm32cubeide_1.4.0/plugins/com.st.stm32cube.ide.mcu.externaltools.gnu-tools-for-stm32.7-2018-q2-update.linux64_1.4.0.202007081208/tools/bin/../lib/gcc/arm-none-eabi/7.3.1/thumb/v7-m/crti.o
                0x00000000080016a0                _fini
 .fini          0x00000000080016a4        0x8 /opt/st/stm32cubeide_1.4.0/plugins/com.st.stm32cube.ide.mcu.externaltools.gnu-tools-for-stm32.7-2018-q2-update.linux64_1.4.0.202007081208/tools/bin/../lib/gcc/arm-none-eabi/7.3.1/thumb/v7-m/crtn.o
                0x00000000080016ac                . = ALIGN (0x4)
                0x00000000080016ac                _etext = .

.vfp11_veneer   0x00000000080016ac        0x0
 .vfp11_veneer  0x00000000080016ac        0x0 linker stubs

.v4_bx          0x00000000080016ac        0x0
 .v4_bx         0x00000000080016ac        0x0 linker stubs

.iplt           0x00000000080016ac        0x0
 .iplt          0x00000000080016ac        0x0 /opt/st/stm32cubeide_1.4.0/plugins/com.st.stm32cube.ide.mcu.externaltools.gnu-tools-for-stm32.7-2018-q2-update.linux64_1.4.0.202007081208/tools/bin/../lib/gcc/arm-none-eabi/7.3.1/thumb/v7-m/crtbegin.o

.rodata         0x00000000080016ac       0x2c
                0x00000000080016ac                . = ALIGN (0x4)
 *(.rodata)
 .rodata        0x00000000080016ac       0x12 Drivers/STM32F1xx_HAL_Driver/Src/stm32f1xx_hal_rcc.o
 *(.rodata*)
 *fill*         0x00000000080016be        0x2 
 .rodata.AHBPrescTable
                0x00000000080016c0       0x10 Core/Src/system_stm32f1xx.o
                0x00000000080016c0                AHBPrescTable
 .rodata.APBPrescTable
                0x00000000080016d0        0x8 Core/Src/system_stm32f1xx.o
                0x00000000080016d0                APBPrescTable
                0x00000000080016d8                . = ALIGN (0x4)

.rel.dyn        0x00000000080016d8        0x0
 .rel.iplt      0x00000000080016d8        0x0 /opt/st/stm32cubeide_1.4.0/plugins/com.st.stm32cube.ide.mcu.externaltools.gnu-tools-for-stm32.7-2018-q2-update.linux64_1.4.0.202007081208/tools/bin/../lib/gcc/arm-none-eabi/7.3.1/thumb/v7-m/crtbegin.o

.ARM.extab      0x00000000080016d8        0x0
                0x00000000080016d8                . = ALIGN (0x4)
 *(.ARM.extab* .gnu.linkonce.armextab.*)
                0x00000000080016d8                . = ALIGN (0x4)

.ARM            0x00000000080016d8        0x0
                0x00000000080016d8                . = ALIGN (0x4)
                0x00000000080016d8                __exidx_start = .
 *(.ARM.exidx*)
                0x00000000080016d8                __exidx_end = .
                0x00000000080016d8                . = ALIGN (0x4)

.preinit_array  0x00000000080016d8        0x0
                0x00000000080016d8                . = ALIGN (0x4)
                0x00000000080016d8                PROVIDE (__preinit_array_start = .)
 *(.preinit_array*)
                0x00000000080016d8                PROVIDE (__preinit_array_end = .)
                0x00000000080016d8                . = ALIGN (0x4)

.init_array     0x00000000080016d8        0x4
                0x00000000080016d8                . = ALIGN (0x4)
                0x00000000080016d8                PROVIDE (__init_array_start = .)
 *(SORT_BY_NAME(.init_array.*))
 *(.init_array*)
 .init_array    0x00000000080016d8        0x4 /opt/st/stm32cubeide_1.4.0/plugins/com.st.stm32cube.ide.mcu.externaltools.gnu-tools-for-stm32.7-2018-q2-update.linux64_1.4.0.202007081208/tools/bin/../lib/gcc/arm-none-eabi/7.3.1/thumb/v7-m/crtbegin.o
                0x00000000080016dc                PROVIDE (__init_array_end = .)
                0x00000000080016dc                . = ALIGN (0x4)

.fini_array     0x00000000080016dc        0x4
                0x00000000080016dc                . = ALIGN (0x4)
                [!provide]                        PROVIDE (__fini_array_start = .)
 *(SORT_BY_NAME(.fini_array.*))
 *(.fini_array*)
 .fini_array    0x00000000080016dc        0x4 /opt/st/stm32cubeide_1.4.0/plugins/com.st.stm32cube.ide.mcu.externaltools.gnu-tools-for-stm32.7-2018-q2-update.linux64_1.4.0.202007081208/tools/bin/../lib/gcc/arm-none-eabi/7.3.1/thumb/v7-m/crtbegin.o
                [!provide]                        PROVIDE (__fini_array_end = .)
                0x00000000080016e0                . = ALIGN (0x4)
                0x00000000080016e0                _sidata = LOADADDR (.data)

.data           0x0000000020000000       0x10 load address 0x00000000080016e0
                0x0000000020000000                . = ALIGN (0x4)
                0x0000000020000000                _sdata = .
 *(.data)
 *(.data*)
 .data.delay    0x0000000020000000        0x2 Core/Src/main.o
                0x0000000020000000                delay
 *fill*         0x0000000020000002        0x2 
 .data.SystemCoreClock
                0x0000000020000004        0x4 Core/Src/system_stm32f1xx.o
                0x0000000020000004                SystemCoreClock
 .data.uwTickPrio
                0x0000000020000008        0x4 Drivers/STM32F1xx_HAL_Driver/Src/stm32f1xx_hal.o
                0x0000000020000008                uwTickPrio
 .data.uwTickFreq
                0x000000002000000c        0x1 Drivers/STM32F1xx_HAL_Driver/Src/stm32f1xx_hal.o
                0x000000002000000c                uwTickFreq
                0x0000000020000010                . = ALIGN (0x4)
 *fill*         0x000000002000000d        0x3 
                0x0000000020000010                _edata = .

.igot.plt       0x0000000020000010        0x0 load address 0x00000000080016f0
 .igot.plt      0x0000000020000010        0x0 /opt/st/stm32cubeide_1.4.0/plugins/com.st.stm32cube.ide.mcu.externaltools.gnu-tools-for-stm32.7-2018-q2-update.linux64_1.4.0.202007081208/tools/bin/../lib/gcc/arm-none-eabi/7.3.1/thumb/v7-m/crtbegin.o
                0x0000000020000010                . = ALIGN (0x4)

.bss            0x0000000020000010       0x60 load address 0x00000000080016f0
                0x0000000020000010                _sbss = .
                0x0000000020000010                __bss_start__ = _sbss
 *(.bss)
 .bss           0x0000000020000010       0x1c /opt/st/stm32cubeide_1.4.0/plugins/com.st.stm32cube.ide.mcu.externaltools.gnu-tools-for-stm32.7-2018-q2-update.linux64_1.4.0.202007081208/tools/bin/../lib/gcc/arm-none-eabi/7.3.1/thumb/v7-m/crtbegin.o
 *(.bss*)
 *(COMMON)
 COMMON         0x000000002000002c       0x40 Core/Src/main.o
                0x000000002000002c                huart2
 COMMON         0x000000002000006c        0x4 Drivers/STM32F1xx_HAL_Driver/Src/stm32f1xx_hal.o
                0x000000002000006c                uwTick
                0x0000000020000070                . = ALIGN (0x4)
                0x0000000020000070                _ebss = .
                0x0000000020000070                __bss_end__ = _ebss

._user_heap_stack
                0x0000000020000070      0x600 load address 0x00000000080016f0
                0x0000000020000070                . = ALIGN (0x8)
                [!provide]                        PROVIDE (end = .)
                0x0000000020000070                PROVIDE (_end = .)
                0x0000000020000270                . = (. + _Min_Heap_Size)
 *fill*         0x0000000020000070      0x200 
                0x0000000020000670                . = (. + _Min_Stack_Size)
 *fill*         0x0000000020000270      0x400 
                0x0000000020000670                . = ALIGN (0x8)

/DISCARD/
 libc.a(*)
 libm.a(*)
 libgcc.a(*)

.ARM.attributes
                0x0000000000000000       0x29
 *(.ARM.attributes)
 .ARM.attributes
                0x0000000000000000       0x1d /opt/st/stm32cubeide_1.4.0/plugins/com.st.stm32cube.ide.mcu.externaltools.gnu-tools-for-stm32.7-2018-q2-update.linux64_1.4.0.202007081208/tools/bin/../lib/gcc/arm-none-eabi/7.3.1/thumb/v7-m/crti.o
 .ARM.attributes
                0x000000000000001d       0x2d /opt/st/stm32cubeide_1.4.0/plugins/com.st.stm32cube.ide.mcu.externaltools.gnu-tools-for-stm32.7-2018-q2-update.linux64_1.4.0.202007081208/tools/bin/../lib/gcc/arm-none-eabi/7.3.1/thumb/v7-m/crtbegin.o
 .ARM.attributes
                0x000000000000004a       0x33 Core/Src/main.o
 .ARM.attributes
                0x000000000000007d       0x33 Core/Src/stm32f1xx_hal_msp.o
 .ARM.attributes
                0x00000000000000b0       0x33 Core/Src/stm32f1xx_it.o
 .ARM.attributes
                0x00000000000000e3       0x33 Core/Src/system_stm32f1xx.o
 .ARM.attributes
                0x0000000000000116       0x21 Core/Startup/startup_stm32f103rbtx.o
 .ARM.attributes
                0x0000000000000137       0x33 Drivers/STM32F1xx_HAL_Driver/Src/stm32f1xx_hal.o
 .ARM.attributes
                0x000000000000016a       0x33 Drivers/STM32F1xx_HAL_Driver/Src/stm32f1xx_hal_cortex.o
 .ARM.attributes
                0x000000000000019d       0x33 Drivers/STM32F1xx_HAL_Driver/Src/stm32f1xx_hal_gpio.o
 .ARM.attributes
                0x00000000000001d0       0x33 Drivers/STM32F1xx_HAL_Driver/Src/stm32f1xx_hal_rcc.o
 .ARM.attributes
                0x0000000000000203       0x33 Drivers/STM32F1xx_HAL_Driver/Src/stm32f1xx_hal_uart.o
 .ARM.attributes
                0x0000000000000236       0x2d /opt/st/stm32cubeide_1.4.0/plugins/com.st.stm32cube.ide.mcu.externaltools.gnu-tools-for-stm32.7-2018-q2-update.linux64_1.4.0.202007081208/tools/bin/../lib/gcc/arm-none-eabi/7.3.1/../../../../arm-none-eabi/lib/thumb/v7-m/libc_nano.a(lib_a-init.o)
 .ARM.attributes
                0x0000000000000263       0x2d /opt/st/stm32cubeide_1.4.0/plugins/com.st.stm32cube.ide.mcu.externaltools.gnu-tools-for-stm32.7-2018-q2-update.linux64_1.4.0.202007081208/tools/bin/../lib/gcc/arm-none-eabi/7.3.1/../../../../arm-none-eabi/lib/thumb/v7-m/libc_nano.a(lib_a-memset.o)
 .ARM.attributes
                0x0000000000000290       0x1d /opt/st/stm32cubeide_1.4.0/plugins/com.st.stm32cube.ide.mcu.externaltools.gnu-tools-for-stm32.7-2018-q2-update.linux64_1.4.0.202007081208/tools/bin/../lib/gcc/arm-none-eabi/7.3.1/thumb/v7-m/crtn.o
OUTPUT(BlinkLED.elf elf32-littlearm)

.debug_info     0x0000000000000000     0x4b61
 .debug_info    0x0000000000000000      0xa81 Core/Src/main.o
 .debug_info    0x0000000000000a81      0x832 Core/Src/stm32f1xx_hal_msp.o
 .debug_info    0x00000000000012b3      0x2c8 Core/Src/stm32f1xx_it.o
 .debug_info    0x000000000000157b      0x29a Core/Src/system_stm32f1xx.o
 .debug_info    0x0000000000001815       0x22 Core/Startup/startup_stm32f103rbtx.o
 .debug_info    0x0000000000001837      0x714 Drivers/STM32F1xx_HAL_Driver/Src/stm32f1xx_hal.o
 .debug_info    0x0000000000001f4b      0xb51 Drivers/STM32F1xx_HAL_Driver/Src/stm32f1xx_hal_cortex.o
 .debug_info    0x0000000000002a9c      0x69b Drivers/STM32F1xx_HAL_Driver/Src/stm32f1xx_hal_gpio.o
 .debug_info    0x0000000000003137      0x80f Drivers/STM32F1xx_HAL_Driver/Src/stm32f1xx_hal_rcc.o
 .debug_info    0x0000000000003946     0x121b Drivers/STM32F1xx_HAL_Driver/Src/stm32f1xx_hal_uart.o

.debug_abbrev   0x0000000000000000     0x10d1
 .debug_abbrev  0x0000000000000000      0x1ee Core/Src/main.o
 .debug_abbrev  0x00000000000001ee      0x18c Core/Src/stm32f1xx_hal_msp.o
 .debug_abbrev  0x000000000000037a      0x130 Core/Src/stm32f1xx_it.o
 .debug_abbrev  0x00000000000004aa      0x134 Core/Src/system_stm32f1xx.o
 .debug_abbrev  0x00000000000005de       0x12 Core/Startup/startup_stm32f103rbtx.o
 .debug_abbrev  0x00000000000005f0      0x1c7 Drivers/STM32F1xx_HAL_Driver/Src/stm32f1xx_hal.o
 .debug_abbrev  0x00000000000007b7      0x2d5 Drivers/STM32F1xx_HAL_Driver/Src/stm32f1xx_hal_cortex.o
 .debug_abbrev  0x0000000000000a8c      0x1c0 Drivers/STM32F1xx_HAL_Driver/Src/stm32f1xx_hal_gpio.o
 .debug_abbrev  0x0000000000000c4c      0x243 Drivers/STM32F1xx_HAL_Driver/Src/stm32f1xx_hal_rcc.o
 .debug_abbrev  0x0000000000000e8f      0x242 Drivers/STM32F1xx_HAL_Driver/Src/stm32f1xx_hal_uart.o

.debug_aranges  0x0000000000000000      0x5c0
 .debug_aranges
                0x0000000000000000       0x40 Core/Src/main.o
 .debug_aranges
                0x0000000000000040       0x30 Core/Src/stm32f1xx_hal_msp.o
 .debug_aranges
                0x0000000000000070       0x68 Core/Src/stm32f1xx_it.o
 .debug_aranges
                0x00000000000000d8       0x28 Core/Src/system_stm32f1xx.o
 .debug_aranges
                0x0000000000000100       0x28 Core/Startup/startup_stm32f103rbtx.o
 .debug_aranges
                0x0000000000000128       0xe0 Drivers/STM32F1xx_HAL_Driver/Src/stm32f1xx_hal.o
 .debug_aranges
                0x0000000000000208      0x100 Drivers/STM32F1xx_HAL_Driver/Src/stm32f1xx_hal_cortex.o
 .debug_aranges
                0x0000000000000308       0x58 Drivers/STM32F1xx_HAL_Driver/Src/stm32f1xx_hal_gpio.o
 .debug_aranges
                0x0000000000000360       0x90 Drivers/STM32F1xx_HAL_Driver/Src/stm32f1xx_hal_rcc.o
 .debug_aranges
                0x00000000000003f0      0x1d0 Drivers/STM32F1xx_HAL_Driver/Src/stm32f1xx_hal_uart.o

.debug_ranges   0x0000000000000000      0x528
 .debug_ranges  0x0000000000000000       0x30 Core/Src/main.o
 .debug_ranges  0x0000000000000030       0x20 Core/Src/stm32f1xx_hal_msp.o
 .debug_ranges  0x0000000000000050       0x58 Core/Src/stm32f1xx_it.o
 .debug_ranges  0x00000000000000a8       0x18 Core/Src/system_stm32f1xx.o
 .debug_ranges  0x00000000000000c0       0x20 Core/Startup/startup_stm32f103rbtx.o
 .debug_ranges  0x00000000000000e0       0xd0 Drivers/STM32F1xx_HAL_Driver/Src/stm32f1xx_hal.o
 .debug_ranges  0x00000000000001b0       0xf0 Drivers/STM32F1xx_HAL_Driver/Src/stm32f1xx_hal_cortex.o
 .debug_ranges  0x00000000000002a0       0x48 Drivers/STM32F1xx_HAL_Driver/Src/stm32f1xx_hal_gpio.o
 .debug_ranges  0x00000000000002e8       0x80 Drivers/STM32F1xx_HAL_Driver/Src/stm32f1xx_hal_rcc.o
 .debug_ranges  0x0000000000000368      0x1c0 Drivers/STM32F1xx_HAL_Driver/Src/stm32f1xx_hal_uart.o

.debug_macro    0x0000000000000000    0x15d13
 .debug_macro   0x0000000000000000      0x19d Core/Src/main.o
 .debug_macro   0x000000000000019d      0xa5a Core/Src/main.o
 .debug_macro   0x0000000000000bf7      0x215 Core/Src/main.o
 .debug_macro   0x0000000000000e0c       0x2e Core/Src/main.o
 .debug_macro   0x0000000000000e3a       0x22 Core/Src/main.o
 .debug_macro   0x0000000000000e5c       0x22 Core/Src/main.o
 .debug_macro   0x0000000000000e7e       0x8e Core/Src/main.o
 .debug_macro   0x0000000000000f0c       0x51 Core/Src/main.o
 .debug_macro   0x0000000000000f5d       0xef Core/Src/main.o
 .debug_macro   0x000000000000104c       0x6a Core/Src/main.o
 .debug_macro   0x00000000000010b6      0x1df Core/Src/main.o
 .debug_macro   0x0000000000001295       0x1c Core/Src/main.o
 .debug_macro   0x00000000000012b1       0x22 Core/Src/main.o
 .debug_macro   0x00000000000012d3       0xc3 Core/Src/main.o
 .debug_macro   0x0000000000001396      0xd23 Core/Src/main.o
 .debug_macro   0x00000000000020b9     0xe097 Core/Src/main.o
 .debug_macro   0x0000000000010150       0x43 Core/Src/main.o
 .debug_macro   0x0000000000010193     0x3468 Core/Src/main.o
 .debug_macro   0x00000000000135fb      0x174 Core/Src/main.o
 .debug_macro   0x000000000001376f       0x5c Core/Src/main.o
 .debug_macro   0x00000000000137cb      0x5be Core/Src/main.o
 .debug_macro   0x0000000000013d89      0x289 Core/Src/main.o
 .debug_macro   0x0000000000014012      0x1cb Core/Src/main.o
 .debug_macro   0x00000000000141dd      0x114 Core/Src/main.o
 .debug_macro   0x00000000000142f1      0x1b2 Core/Src/main.o
 .debug_macro   0x00000000000144a3       0x27 Core/Src/main.o
 .debug_macro   0x00000000000144ca      0x136 Core/Src/main.o
 .debug_macro   0x0000000000014600      0x1bc Core/Src/main.o
 .debug_macro   0x00000000000147bc       0x34 Core/Src/main.o
 .debug_macro   0x00000000000147f0       0x3c Core/Src/main.o
 .debug_macro   0x000000000001482c       0x57 Core/Src/main.o
 .debug_macro   0x0000000000014883       0x88 Core/Src/main.o
 .debug_macro   0x000000000001490b      0x241 Core/Src/main.o
 .debug_macro   0x0000000000014b4c      0x141 Core/Src/main.o
 .debug_macro   0x0000000000014c8d      0x26b Core/Src/main.o
 .debug_macro   0x0000000000014ef8       0x83 Core/Src/main.o
 .debug_macro   0x0000000000014f7b       0x5e Core/Src/main.o
 .debug_macro   0x0000000000014fd9      0x19d Core/Src/stm32f1xx_hal_msp.o
 .debug_macro   0x0000000000015176      0x1a7 Core/Src/stm32f1xx_it.o
 .debug_macro   0x000000000001531d      0x18e Core/Src/system_stm32f1xx.o
 .debug_macro   0x00000000000154ab      0x1b2 Drivers/STM32F1xx_HAL_Driver/Src/stm32f1xx_hal.o
 .debug_macro   0x000000000001565d      0x18e Drivers/STM32F1xx_HAL_Driver/Src/stm32f1xx_hal_cortex.o
 .debug_macro   0x00000000000157eb      0x1f9 Drivers/STM32F1xx_HAL_Driver/Src/stm32f1xx_hal_gpio.o
 .debug_macro   0x00000000000159e4      0x1a0 Drivers/STM32F1xx_HAL_Driver/Src/stm32f1xx_hal_rcc.o
 .debug_macro   0x0000000000015b84      0x18f Drivers/STM32F1xx_HAL_Driver/Src/stm32f1xx_hal_uart.o

.debug_line     0x0000000000000000     0x4b64
 .debug_line    0x0000000000000000      0x69d Core/Src/main.o
 .debug_line    0x000000000000069d      0x650 Core/Src/stm32f1xx_hal_msp.o
 .debug_line    0x0000000000000ced      0x6e7 Core/Src/stm32f1xx_it.o
 .debug_line    0x00000000000013d4      0x64a Core/Src/system_stm32f1xx.o
 .debug_line    0x0000000000001a1e       0x84 Core/Startup/startup_stm32f103rbtx.o
 .debug_line    0x0000000000001aa2      0x7fd Drivers/STM32F1xx_HAL_Driver/Src/stm32f1xx_hal.o
 .debug_line    0x000000000000229f      0x8d4 Drivers/STM32F1xx_HAL_Driver/Src/stm32f1xx_hal_cortex.o
 .debug_line    0x0000000000002b73      0x7f9 Drivers/STM32F1xx_HAL_Driver/Src/stm32f1xx_hal_gpio.o
 .debug_line    0x000000000000336c      0x8bd Drivers/STM32F1xx_HAL_Driver/Src/stm32f1xx_hal_rcc.o
 .debug_line    0x0000000000003c29      0xf3b Drivers/STM32F1xx_HAL_Driver/Src/stm32f1xx_hal_uart.o

.debug_str      0x0000000000000000    0x7da74
 .debug_str     0x0000000000000000    0x7c7e1 Core/Src/main.o
                                      0x7cbe1 (size before relaxing)
 .debug_str     0x000000000007c7e1       0x84 Core/Src/stm32f1xx_hal_msp.o
                                      0x7c7d7 (size before relaxing)
 .debug_str     0x000000000007c865       0xd2 Core/Src/stm32f1xx_it.o
                                      0x7c432 (size before relaxing)
 .debug_str     0x000000000007c937       0x52 Core/Src/system_stm32f1xx.o
                                      0x7c27a (size before relaxing)
 .debug_str     0x000000000007c989       0x36 Core/Startup/startup_stm32f103rbtx.o
                                         0x6f (size before relaxing)
 .debug_str     0x000000000007c9bf      0x304 Drivers/STM32F1xx_HAL_Driver/Src/stm32f1xx_hal.o
                                      0x7c90b (size before relaxing)
 .debug_str     0x000000000007ccc3      0x300 Drivers/STM32F1xx_HAL_Driver/Src/stm32f1xx_hal_cortex.o
                                      0x7c913 (size before relaxing)
 .debug_str     0x000000000007cfc3      0x324 Drivers/STM32F1xx_HAL_Driver/Src/stm32f1xx_hal_gpio.o
                                      0x7c63e (size before relaxing)
 .debug_str     0x000000000007d2e7      0x24f Drivers/STM32F1xx_HAL_Driver/Src/stm32f1xx_hal_rcc.o
                                      0x7c677 (size before relaxing)
 .debug_str     0x000000000007d536      0x53e Drivers/STM32F1xx_HAL_Driver/Src/stm32f1xx_hal_uart.o
                                      0x7cb7d (size before relaxing)

.comment        0x0000000000000000       0x7b
 .comment       0x0000000000000000       0x7b Core/Src/main.o
                                         0x7c (size before relaxing)
 .comment       0x000000000000007b       0x7c Core/Src/stm32f1xx_hal_msp.o
 .comment       0x000000000000007b       0x7c Core/Src/stm32f1xx_it.o
 .comment       0x000000000000007b       0x7c Core/Src/system_stm32f1xx.o
 .comment       0x000000000000007b       0x7c Drivers/STM32F1xx_HAL_Driver/Src/stm32f1xx_hal.o
 .comment       0x000000000000007b       0x7c Drivers/STM32F1xx_HAL_Driver/Src/stm32f1xx_hal_cortex.o
 .comment       0x000000000000007b       0x7c Drivers/STM32F1xx_HAL_Driver/Src/stm32f1xx_hal_gpio.o
 .comment       0x000000000000007b       0x7c Drivers/STM32F1xx_HAL_Driver/Src/stm32f1xx_hal_rcc.o
 .comment       0x000000000000007b       0x7c Drivers/STM32F1xx_HAL_Driver/Src/stm32f1xx_hal_uart.o

.debug_frame    0x0000000000000000     0x1600
 .debug_frame   0x0000000000000000       0xb4 Core/Src/main.o
 .debug_frame   0x00000000000000b4       0x80 Core/Src/stm32f1xx_hal_msp.o
 .debug_frame   0x0000000000000134      0x130 Core/Src/stm32f1xx_it.o
 .debug_frame   0x0000000000000264       0x58 Core/Src/system_stm32f1xx.o
 .debug_frame   0x00000000000002bc      0x334 Drivers/STM32F1xx_HAL_Driver/Src/stm32f1xx_hal.o
 .debug_frame   0x00000000000005f0      0x428 Drivers/STM32F1xx_HAL_Driver/Src/stm32f1xx_hal_cortex.o
 .debug_frame   0x0000000000000a18      0x14c Drivers/STM32F1xx_HAL_Driver/Src/stm32f1xx_hal_gpio.o
 .debug_frame   0x0000000000000b64      0x21c Drivers/STM32F1xx_HAL_Driver/Src/stm32f1xx_hal_rcc.o
 .debug_frame   0x0000000000000d80      0x834 Drivers/STM32F1xx_HAL_Driver/Src/stm32f1xx_hal_uart.o
 .debug_frame   0x00000000000015b4       0x2c /opt/st/stm32cubeide_1.4.0/plugins/com.st.stm32cube.ide.mcu.externaltools.gnu-tools-for-stm32.7-2018-q2-update.linux64_1.4.0.202007081208/tools/bin/../lib/gcc/arm-none-eabi/7.3.1/../../../../arm-none-eabi/lib/thumb/v7-m/libc_nano.a(lib_a-init.o)
 .debug_frame   0x00000000000015e0       0x20 /opt/st/stm32cubeide_1.4.0/plugins/com.st.stm32cube.ide.mcu.externaltools.gnu-tools-for-stm32.7-2018-q2-update.linux64_1.4.0.202007081208/tools/bin/../lib/gcc/arm-none-eabi/7.3.1/../../../../arm-none-eabi/lib/thumb/v7-m/libc_nano.a(lib_a-memset.o)
